===== e8: 엄격 임계 전수 (키 필터 없음) =====
  [M_sweep_tombstone.npz]
     F                                    f_0.9=0.000  f_c=0.000  (n=1)
     M16_hub_str                          f_0.9=0.596  f_c=0.787  (n=1)
     M16_hub_tmb                          f_0.9=>max  f_c=>max  (n=1)
     M16_random_str                       f_0.9=0.852  f_c=0.918  (n=1)
     M16_random_tmb                       f_0.9=>max  f_c=>max  (n=1)
     M32_hub_str                          f_0.9=0.611  f_c=0.786  (n=1)
     M32_hub_tmb                          f_0.9=>max  f_c=>max  (n=1)
     M32_random_str                       f_0.9=0.880  f_c=0.947  (n=1)
     M32_random_tmb                       f_0.9=>max  f_c=>max  (n=1)
     M48_hub_str                          f_0.9=0.614  f_c=0.787  (n=1)
     M48_hub_tmb                          f_0.9=>max  f_c=>max  (n=1)
     M48_random_str                       f_0.9=0.881  f_c=>max  (n=1)
     M48_random_tmb                       f_0.9=>max  f_c=>max  (n=1)
     M8_hub_str                           f_0.9=0.505  f_c=0.725  (n=1)
     M8_hub_tmb                           f_0.9=0.888  f_c=>max  (n=1)
     M8_random_str                        f_0.9=0.746  f_c=0.870  (n=1)
     M8_random_tmb                        f_0.9=>max  f_c=>max  (n=1)
  [c1_beta.npz]
     F                                    f_0.9=0.000  f_c=0.000  (n=1)
     gist_hub_b1024                       f_0.9=0.252  f_c=0.400  (n=3)
     gist_hub_b2048                       f_0.9=0.292  f_c=0.426  (n=3)
     gist_hub_b4096                       f_0.9=0.316  f_c=0.446  (n=3)
     gist_hub_b512                        f_0.9=0.202  f_c=0.371  (n=3)
     gist_random_b1024                    f_0.9=0.811  f_c=0.914  (n=3)
     gist_random_b2048                    f_0.9=0.828  f_c=0.915  (n=3)
     gist_random_b4096                    f_0.9=0.836  f_c=0.916  (n=3)
     gist_random_b512                     f_0.9=0.772  f_c=0.910  (n=3)
     sift_hub_b2048                       f_0.9=0.667  f_c=0.812  (n=3)
     sift_hub_b512                        f_0.9=0.597  f_c=0.785  (n=3)
     sift_random_b2048                    f_0.9=0.869  f_c=0.920  (n=3)
     sift_random_b512                     f_0.9=0.854  f_c=0.918  (n=3)
  [c3_age.npz]
     F                                    f_0.9=0.000  f_c=0.000  (n=1)
     gist_newest                          f_0.9=0.772  f_c=0.912  (n=3)
     gist_oldest                          f_0.9=0.777  f_c=0.910  (n=3)
     gist_random                          f_0.9=0.771  f_c=0.910  (n=3)
     sift_newest                          f_0.9=0.870  f_c=0.927  (n=3)
     sift_oldest                          f_0.9=0.841  f_c=0.934  (n=3)
     sift_random                          f_0.9=0.855  f_c=0.917  (n=3)
     textbge_newest                       f_0.9=>max  f_c=>max  (n=3)
     textbge_oldest                       f_0.9=>max  f_c=>max  (n=3)
     textbge_random                       f_0.9=0.805  f_c=0.921  (n=3)
  [c4_repair.npz]
     F                                    f_0.9=0.000  f_c=0.000  (n=1)
     gist_hub_norep                       f_0.9=0.203  f_c=0.371  (n=3)
     gist_hub_rep                         f_0.9=0.368  f_c=0.610  (n=3)
     gist_random_norep                    f_0.9=0.777  f_c=0.911  (n=3)
     gist_random_rep                      f_0.9=0.825  f_c=>max  (n=3)
     sift_hub_norep                       f_0.9=0.602  f_c=0.783  (n=3)
     sift_hub_rep                         f_0.9=0.866  f_c=>max  (n=3)
     sift_random_norep                    f_0.9=0.853  f_c=0.917  (n=3)
     sift_random_rep                      f_0.9=0.912  f_c=>max  (n=3)
  [c6b_repair_ext.npz]
     F                                    f_0.9=0.000  f_c=0.000  (n=1)
     gist_adaptive_norep                  f_0.9=0.217  f_c=0.366  (n=3)
     gist_adaptive_rep                    f_0.9=0.389  f_c=0.699  (n=3)
     gist_hub_norep                       f_0.9=0.204  f_c=0.372  (n=2)
     gist_hub_rep                         f_0.9=0.367  f_c=0.616  (n=2)
     gist_random_norep                    f_0.9=0.764  f_c=0.909  (n=2)
     gist_random_rep                      f_0.9=0.827  f_c=>max  (n=2)
  [c7_lowf.npz]
     F                                    f_0.9=0.000  f_c=0.000  (n=1)
     gist_hub_norep                       f_0.9=0.199  f_c=>max  (n=3)
     gist_hub_rep                         f_0.9=>max  f_c=>max  (n=3)
     gist_random_norep                    f_0.9=>max  f_c=>max  (n=3)
     gist_random_rep                      f_0.9=>max  f_c=>max  (n=3)
     sift_hub_norep                       f_0.9=>max  f_c=>max  (n=3)
     sift_hub_rep                         f_0.9=>max  f_c=>max  (n=3)
     sift_random_norep                    f_0.9=>max  f_c=>max  (n=3)
     sift_random_rep                      f_0.9=>max  f_c=>max  (n=3)
  [d6_mrng_repair.npz]
     F                                    f_0.9=0.000  f_c=0.000  (n=1)
     mrnggist_hub_norep                   f_0.9=0.013  f_c=0.169  (n=2)
     mrnggist_hub_rep                     f_0.9=0.026  f_c=0.343  (n=2)
     mrnggist_random_norep                f_0.9=0.195  f_c=0.801  (n=2)
     mrnggist_random_rep                  f_0.9=0.520  f_c=>max  (n=2)
  [figdata_curves5.npz]
     F                                    f_0.9=0.000  f_c=0.000  (n=1)
     antihub                              f_0.9=0.919  f_c=>max  (n=1)
     clustered                            f_0.9=>max  f_c=>max  (n=1)
     hub                                  f_0.9=0.607  f_c=0.788  (n=1)
     random                               f_0.9=0.853  f_c=0.917  (n=1)
     relevance                            f_0.9=0.816  f_c=0.914  (n=1)
  [figdata_curves5_5s.npz]
     F                                    f_0.9=0.000  f_c=0.000  (n=1)
     antihub_S_mu                         f_0.9=>max  f_c=>max  (n=1)
     antihub_S_sd                         f_0.9=0.000  f_c=0.000  (n=1)
     antihub_rec_mu                       f_0.9=0.920  f_c=>max  (n=1)
     antihub_rec_sd                       f_0.9=0.000  f_c=0.000  (n=1)
     clustered_S_mu                       f_0.9=0.918  f_c=>max  (n=1)
     clustered_S_sd                       f_0.9=0.000  f_c=0.000  (n=1)
     clustered_rec_mu                     f_0.9=>max  f_c=>max  (n=1)
     clustered_rec_sd                     f_0.9=0.000  f_c=0.000  (n=1)
     hub_S_mu                             f_0.9=0.725  f_c=0.850  (n=1)
     hub_S_sd                             f_0.9=0.000  f_c=0.000  (n=1)
     hub_rec_mu                           f_0.9=0.600  f_c=0.782  (n=1)
     hub_rec_sd                           f_0.9=0.000  f_c=0.000  (n=1)
     random_S_mu                          f_0.9=0.874  f_c=0.927  (n=1)
     random_S_sd                          f_0.9=0.000  f_c=0.000  (n=1)
     random_rec_mu                        f_0.9=0.853  f_c=0.918  (n=1)
     random_rec_sd                        f_0.9=0.000  f_c=0.000  (n=1)
     relevance_S_mu                       f_0.9=0.873  f_c=0.926  (n=1)
     relevance_S_sd                       f_0.9=0.000  f_c=0.000  (n=1)
     relevance_rec_mu                     f_0.9=0.819  f_c=0.916  (n=1)
     relevance_rec_sd                     f_0.9=0.000  f_c=0.000  (n=1)
  [figdata_curves5_v2.npz]
     F                                    f_0.9=0.000  f_c=0.000  (n=1)
     antihub_S_mu                         f_0.9=>max  f_c=>max  (n=1)
     antihub_S_sd                         f_0.9=0.000  f_c=0.000  (n=1)
     antihub_rec_mu                       f_0.9=0.920  f_c=>max  (n=1)
     antihub_rec_sd                       f_0.9=0.000  f_c=0.000  (n=1)
     clustered_S_mu                       f_0.9=0.917  f_c=>max  (n=1)
     clustered_S_sd                       f_0.9=0.000  f_c=0.000  (n=1)
     clustered_rec_mu                     f_0.9=>max  f_c=>max  (n=1)
     clustered_rec_sd                     f_0.9=0.000  f_c=0.000  (n=1)
     hub_S_mu                             f_0.9=0.725  f_c=0.850  (n=1)
     hub_S_sd                             f_0.9=0.000  f_c=0.000  (n=1)
     hub_rec_mu                           f_0.9=0.602  f_c=0.786  (n=1)
     hub_rec_sd                           f_0.9=0.000  f_c=0.000  (n=1)
     random_S_mu                          f_0.9=0.874  f_c=0.930  (n=1)
     random_S_sd                          f_0.9=0.000  f_c=0.000  (n=1)
     random_rec_mu                        f_0.9=0.852  f_c=0.918  (n=1)
     random_rec_sd                        f_0.9=0.000  f_c=0.000  (n=1)
     relevance_S_mu                       f_0.9=0.873  f_c=0.927  (n=1)
     relevance_S_sd                       f_0.9=0.000  f_c=0.000  (n=1)
     relevance_rec_mu                     f_0.9=0.819  f_c=0.915  (n=1)
     relevance_rec_sd                     f_0.9=0.000  f_c=0.000  (n=1)
  [fss.npz]
     F                                    f_0.9=0.300  f_c=0.300  (n=1)
  [gf_check.npz]
     F                                    f_0.9=0.000  f_c=0.000  (n=1)
     hub_meas                             f_0.9=0.602  f_c=0.786  (n=1)
     hub_pred                             f_0.9=0.631  f_c=0.911  (n=1)
     hub_ptilde                           f_0.9=0.000  f_c=0.000  (n=1)
     random_meas                          f_0.9=0.852  f_c=0.918  (n=1)
     random_pred                          f_0.9=0.744  f_c=0.929  (n=1)
     random_ptilde                        f_0.9=0.000  f_c=0.000  (n=1)
  [nq_gold.npz]
     F                                    f_0.9=0.000  f_c=0.000  (n=1)
  [pilot21.npz]
     F                                    f_0.9=0.000  f_c=0.000  (n=1)
     clustered_R                          f_0.9=0.006  f_c=>max  (n=1)
     clustered_S                          f_0.9=>max  f_c=>max  (n=1)
     hub_R                                f_0.9=0.007  f_c=0.517  (n=1)
     hub_S                                f_0.9=0.873  f_c=>max  (n=1)
     random_R                             f_0.9=0.005  f_c=0.786  (n=1)
     random_S                             f_0.9=>max  f_c=>max  (n=1)
  [real_hnsw.npz]
     F                                    f_0.9=0.000  f_c=0.000  (n=1)
     clustered_R                          f_0.9=0.857  f_c=0.946  (n=1)
     clustered_S                          f_0.9=0.910  f_c=>max  (n=1)
     hub_R                                f_0.9=0.597  f_c=0.757  (n=1)
     hub_S                                f_0.9=0.725  f_c=0.850  (n=1)
     random_R                             f_0.9=0.855  f_c=0.917  (n=1)
     random_S                             f_0.9=0.873  f_c=0.926  (n=1)
  [real_hnsw_v2.npz]
     F                                    f_0.9=0.000  f_c=0.000  (n=1)
     clustered_R                          f_0.9=>max  f_c=>max  (n=1)
     clustered_S                          f_0.9=0.910  f_c=>max  (n=1)
     hub_R                                f_0.9=0.585  f_c=0.775  (n=1)
     hub_S                                f_0.9=0.725  f_c=0.850  (n=1)
     random_R                             f_0.9=0.854  f_c=0.919  (n=1)
     random_S                             f_0.9=0.874  f_c=0.926  (n=1)
===== d7b: pgvector 비용·f 스윕 =====
  [gist] full index build 126s, f=0 recall=0.998
  [gist hub f=0.5] tombstone=0.978  vacuum=1.000  | VACUUM 2465s vs REINDEX(survivors) 55s  = 4451%  (2940s)
  [gist hub f=0.75] tombstone=0.812  vacuum=1.000  | VACUUM 3016s vs REINDEX(survivors) 23s  = 13388%  (6126s)
  [gist hub f=0.9] tombstone=0.309  vacuum=1.000  | VACUUM 3526s vs REINDEX(survivors) 11s  = 30665%  (9812s)
  [d7b] 실패/건너뜀: could not resize shared memory segment "/PostgreSQL.370732160" to 2144374176 bytes: No space left on device

Traceback (most recent call last):
  File "/home/kisti_platform/Desktop/Work_SH/ANN-Percolation/src/d7b_d4d_e8_engines.py", line 71, in <module>
    t_build_full = load_table(f"pg_{ds}", base)
                   ^^^^^^^^^^^^^^^^^^^^^^^^^^^^
  File "/home/kisti_platform/Desktop/Work_SH/ANN-Percolation/src/d7b_d4d_e8_engines.py", line 64, in load_table
    t = time.time(); cur.execute(f"CREATE INDEX {tbl}_hnsw ON {tbl} USING hnsw (v vector_l2_ops) WITH (m = 16, ef_construction = 200);")
                     ^^^^^^^^^^^^^^^^^^^^^^^^^^^^^^^^^^^^^^^^^^^^^^^^^^^^^^^^^^^^^^^^^^^^^^^^^^^^^^^^^^^^^^^^^^^^^^^^^^^^^^^^^^^^^^^^^^^
psycopg2.errors.DiskFull: could not resize shared memory segment "/PostgreSQL.370732160" to 2144374176 bytes: No space left on device

===== d4d: Qdrant hub f 스윕 (GIST) =====
/home/kisti_platform/Desktop/Work_SH/ANN-Percolation/.venv/lib/python3.12/site-packages/qdrant_client/qdrant_remote.py:290: UserWarning: Failed to obtain server version. Unable to check client-server compatibility. Set check_compatibility=False to skip version check.
  show_warning(
/home/kisti_platform/Desktop/Work_SH/ANN-Percolation/src/d7b_d4d_e8_engines.py:109: DeprecationWarning: `recreate_collection` method is deprecated and will be removed in the future. Use `collection_exists` to check collection existence and `create_collection` instead.
  cl.recreate_collection("annperc", vectors_config=VectorParams(size=d, distance=Distance.EUCLID))
  [d4d] 실패/건너뜀: [Errno 111] Connection refused
[done] 9852s
