  [sift] seed0 [random] K=1 f_c=0.9182692307692044
  [sift] seed0 [random] K=10 f_c=0.9196542553191176
  [sift] seed0 [random] K=100 f_c=0.9145774852385811
  [sift] seed0 [hub] K=1 f_c=0.7798076923075203
  [sift] seed0 [hub] K=10 f_c=0.7881852551982712
  [sift] seed0 [hub] K=100 f_c=0.7840874316937656
  [sift] seed1 [random] K=1 f_c=0.9202702702702374
  [sift] seed1 [random] K=10 f_c=0.9188428874734307
  [sift] seed1 [random] K=100 f_c=0.9189661123313104
  [sift] seed1 [hub] K=1 f_c=0.7864583333331056
  [sift] seed1 [hub] K=10 f_c=0.7815789473682364
  [sift] seed1 [hub] K=100 f_c=0.7787121745247804
  [sift] seed2 [random] K=1 f_c=0.9196682464454696
  [sift] seed2 [random] K=10 f_c=0.9189964157705801
  [sift] seed2 [random] K=100 f_c=0.9173465637632949
  [sift] seed2 [hub] K=1 f_c=0.7941860465113196
  [sift] seed2 [hub] K=10 f_c=0.784011627906779
  [sift] seed2 [hub] K=100 f_c=0.7790858725759758
  [gist] seed0 [random] K=1 f_c=0.9114062499999787
  [gist] seed0 [random] K=10 f_c=0.9129464285714062
  [gist] seed0 [random] K=100 f_c=0.9102524810274149
  [gist] seed0 [hub] K=1 f_c=0.3671874999998926
  [gist] seed0 [hub] K=10 f_c=0.3708733205373078
  [gist] seed0 [hub] K=100 f_c=0.346147947144553
  [gist] seed1 [random] K=1 f_c=0.9115885416666486
  [gist] seed1 [random] K=10 f_c=0.9107945205479274
  [gist] seed1 [random] K=100 f_c=0.9059959844244232
  [gist] seed1 [hub] K=1 f_c=0.37366071428558756
  [gist] seed1 [hub] K=10 f_c=0.37058823529401386
  [gist] seed1 [hub] K=100 f_c=0.3498026787846223
  [gist] seed2 [random] K=1 f_c=0.9128787878787684
  [gist] seed2 [random] K=10 f_c=0.9119337485843512
  [gist] seed2 [random] K=100 f_c=0.906964772223265
  [gist] seed2 [hub] K=1 f_c=0.38688524590145795
  [gist] seed2 [hub] K=10 f_c=0.3745145631066533
  [gist] seed2 [hub] K=100 f_c=0.3498399803049002
[done] 1028.7s (K-robustness)
