  [gist] s0 random beta= 512 fc=0.9085252022401992 rec0=0.993 (58s)
  [gist] s0 random beta=1024 fc=0.9132548309178744 rec0=0.997 (133s)
  [gist] s0 random beta=2048 fc=0.9129638792676893 rec0=0.998 (260s)
  [gist] s0 random beta=4096 fc=0.9142733564013841 rec0=0.998 (475s)
  [gist] s0 hub    beta= 512 fc=0.3736792452830189 rec0=0.993 (499s)
  [gist] s0 hub    beta=1024 fc=0.40235934664246825 rec0=0.997 (539s)
  [gist] s0 hub    beta=2048 fc=0.42913907284768216 rec0=0.998 (605s)
  [gist] s0 hub    beta=4096 fc=0.44798578199052136 rec0=0.998 (724s)
  [gist] s1 random beta= 512 fc=0.9116554054054055 rec0=0.992 (782s)
  [gist] s1 random beta=1024 fc=0.9151122019635344 rec0=0.996 (858s)
  [gist] s1 random beta=2048 fc=0.9165896487985212 rec0=0.998 (984s)
  [gist] s1 random beta=4096 fc=0.9169449458483755 rec0=0.998 (1198s)
  [gist] s1 hub    beta= 512 fc=0.3735157699443414 rec0=0.992 (1222s)
  [gist] s1 hub    beta=1024 fc=0.4027296360485269 rec0=0.996 (1260s)
  [gist] s1 hub    beta=2048 fc=0.4270614692653673 rec0=0.998 (1330s)
  [gist] s1 hub    beta=4096 fc=0.44422222222222224 rec0=0.998 (1447s)
  [gist] s2 random beta= 512 fc=0.9102139037433156 rec0=0.993 (1504s)
  [gist] s2 random beta=1024 fc=0.9135452322738387 rec0=0.997 (1580s)
  [gist] s2 random beta=2048 fc=0.9154114533205004 rec0=0.999 (1708s)
  [gist] s2 random beta=4096 fc=0.9153604651162791 rec0=1.000 (1921s)
  [gist] s2 hub    beta= 512 fc=0.3692868719611021 rec0=0.993 (1945s)
  [gist] s2 hub    beta=1024 fc=0.39571428571428574 rec0=0.997 (1984s)
  [gist] s2 hub    beta=2048 fc=0.422427797833935 rec0=0.999 (2053s)
  [gist] s2 hub    beta=4096 fc=0.44514010507880913 rec0=1.000 (2172s)
  [sift] s0 random beta= 512 fc=0.917709691438505 rec0=1.000 (2204s)
  [sift] s0 random beta=2048 fc=0.919923139158576 rec0=1.000 (2294s)
  [sift] s0 hub    beta= 512 fc=0.7852688172043011 rec0=1.000 (2319s)
  [sift] s0 hub    beta=2048 fc=0.8116398243045388 rec0=1.000 (2396s)
  [sift] s1 random beta= 512 fc=0.9168299198575245 rec0=1.000 (2427s)
  [sift] s1 random beta=2048 fc=0.9196681505463375 rec0=1.000 (2519s)
  [sift] s1 hub    beta= 512 fc=0.7856148491879351 rec0=1.000 (2543s)
  [sift] s1 hub    beta=2048 fc=0.8115015974440895 rec0=1.000 (2622s)
  [sift] s2 random beta= 512 fc=0.9193455245428297 rec0=1.000 (2653s)
  [sift] s2 random beta=2048 fc=0.9199678585777421 rec0=1.000 (2746s)
  [sift] s2 hub    beta= 512 fc=0.7833333333333333 rec0=1.000 (2770s)
  [sift] s2 hub    beta=2048 fc=0.8120689655172414 rec0=1.000 (2847s)
===== c1 요약: fc(beta) =====
  gist random: b512:0.910±0.001  b1024:0.914±0.001  b2048:0.915±0.002  b4096:0.916±0.001
  gist hub: b512:0.372±0.002  b1024:0.400±0.003  b2048:0.426±0.003  b4096:0.446±0.002
  sift random: b512:0.918±0.001  b2048:0.920±0.000
  sift hub: b512:0.785±0.001  b2048:0.812±0.000
[done] 2847s
