nohup: 입력 무시
/home/kisti_platform/Desktop/Work_SH/ANN-Percolation/src/d4b_qdrant_gist.py:10: DeprecationWarning: `recreate_collection` method is deprecated and will be removed in the future. Use `collection_exists` to check collection existence and `create_collection` instead.
  cl.recreate_collection("annperc", vectors_config=VectorParams(size=d,distance=Distance.EUCLID))
  upsert 0/100000 (13s)
  upsert 2000/100000 (14s)
  upsert 4000/100000 (15s)
  upsert 6000/100000 (16s)
  upsert 8000/100000 (17s)
  upsert 10000/100000 (18s)
  upsert 12000/100000 (19s)
  upsert 14000/100000 (20s)
  upsert 16000/100000 (21s)
  upsert 18000/100000 (22s)
  upsert 20000/100000 (23s)
  upsert 22000/100000 (24s)
  upsert 24000/100000 (25s)
  upsert 26000/100000 (26s)
  upsert 28000/100000 (26s)
  upsert 30000/100000 (27s)
  upsert 32000/100000 (28s)
  upsert 34000/100000 (29s)
  upsert 36000/100000 (30s)
  upsert 38000/100000 (31s)
  upsert 40000/100000 (32s)
  upsert 42000/100000 (33s)
  upsert 44000/100000 (34s)
  upsert 46000/100000 (35s)
  upsert 48000/100000 (36s)
  upsert 50000/100000 (37s)
  upsert 52000/100000 (38s)
  upsert 54000/100000 (39s)
  upsert 56000/100000 (40s)
  upsert 58000/100000 (41s)
  upsert 60000/100000 (42s)
  upsert 62000/100000 (43s)
  upsert 64000/100000 (44s)
  upsert 66000/100000 (45s)
  upsert 68000/100000 (46s)
  upsert 70000/100000 (46s)
  upsert 72000/100000 (47s)
  upsert 74000/100000 (48s)
  upsert 76000/100000 (49s)
  upsert 78000/100000 (50s)
  upsert 80000/100000 (51s)
  upsert 82000/100000 (52s)
  upsert 84000/100000 (53s)
  upsert 86000/100000 (54s)
  upsert 88000/100000 (55s)
  upsert 90000/100000 (56s)
  upsert 92000/100000 (57s)
  upsert 94000/100000 (58s)
  upsert 96000/100000 (59s)
  upsert 98000/100000 (60s)
  f=0.0 recall=0.992
  [tombstone] f=0.75 recall=0.396
  [collection] points=25000 indexed=25000 segments=8
  [post-vacuum] f=0.75 recall=0.999
[done]
